PS D:\JavaSraddhaDiDurgeshSir> git init
Initialized empty Git repository in D:/JavaSraddhaDiDurgeshSir/.git/
PS D:\JavaSraddhaDiDurgeshSir> git add .
PS D:\JavaSraddhaDiDurgeshSir> git status
On branch main

No commits yet

Changes to be committed:
  (use "git rm --cached <file>..." to unstage)
        new file:   DSA_DurgeshSir/.DS_Store
          new file:   DSA_DurgeshSir/1Week 1to6Videos/week1.pptx
        new file:   DSA_DurgeshSir/YouTube-DSA-Series-main/2_ 50 Array Practice 
Questions.pdf
        new file:   DSA_DurgeshSir/YouTube-DSA-Series-main/2_Bineary Search in detail with code.pdf
       
        new file:   DSA_DurgeshSir/YouTube-DSA-Series-main/week2-array practice/ReverseArray.java
SecondLarge.class
        new file:   DSA_DurgeshSir/YouTube-DSA-Series-main/week2-array practice/SecondLarge.java
        new file:   DSA_DurgeshSir/YouTube-DSA-Series-main/week2-array practice/SumArray.class
        new file:   DSA_DurgeshSir/YouTube-DSA-Series-main/week2-array practice/SumArray.java

PS D:\JavaSraddhaDiDurgeshSir> git commit -m " JAVA and DSA "
[main (root-commit) 8ee51a5]  JAVA and DSA
 81 files changed, 1611 insertions(+)
 
PS D:\JavaSraddhaDiDurgeshSir> git push
fatal: No configured push destination.
ing

    git remote add <name> <url>

and then push using the remote name

    git push <name>

PS D:\JavaSraddhaDiDurgeshSir> git push
fatal: No configured push destination.
Either specify the URL from the command-line or configure a remote repository us
    git remote add <name> <url>

and then push using the remote name

    git push <name>

PS D:\JavaSraddhaDiDurgeshSir> git remote add origin https://github.com/Anika-del/JavaSraddhaDiDurgeshSir.git
fatal: The current branch main has no upstream branch.
To push the current branch and set the remote as upstream, use

    git push --set-upstream origin main

To have this happen automatically for branches without a tracking
upstream, see 'push.autoSetupRemote' in 'git help config'.

PS D:\JavaSraddhaDiDurgeshSir> git push --set-upstream origin main
Enumerating objects: 94, done.
Counting objects: 100% (94/94), done.
Delta compression using up to 4 threads
Compressing objects: 100% (89/89), done.
Writing objects: 100% (94/94), 1.24 MiB | 363.00 KiB/s, done.
Total 94 (delta 16), reused 0 (delta 0), pack-reused 0 (from 0)
remote: Resolving deltas: 100% (16/16), done.
To https://github.com/Anika-del/JavaSraddhaDiDurgeshSir.git
 * [new branch]      main -> main
branch 'main' set up to track 'origin/main'.
PS D:\JavaSraddhaDiDurgeshSir> 